
============================================================
NEW INQUIRY RECEIVED - 2026-06-19 10:01:58
============================================================
Name:         Test User
Company:      Test Company LLC
Email:        testuser@example.com
Phone:        1234567890
Project Type: Residential Solar Design
Message:
This is a test message to verify form storage.
============================================================

============================================================
NEW INQUIRY RECEIVED - 2026-08-07 13:25:26
============================================================
Name:         Test User
Company:      Test Company LLC
Email:        testuser@example.com
Phone:        1234567890
Project Type: Residential Solar Design
Message:
This is a test message to verify form storage.
============================================================

============================================================
NEW INQUIRY RECEIVED - 2026-08-07 13:34:29
============================================================
Name:         Test User
Company:      Test Company LLC
Email:        testuser@example.com
Phone:        1234567890
Project Type: Residential Solar Design
Message:
This is a test message to verify form storage.
============================================================

============================================================
NEW INQUIRY RECEIVED - 2026-08-18 16:11:38
============================================================
Name:         Test User
Company:      Test Company LLC
Email:        testuser@example.com
Phone:        1234567890
Project Type: Residential Solar Design
Message:
This is a test message to verify form storage.
============================================================

============================================================
NEW INQUIRY RECEIVED - 2026-09-06 10:43:12
============================================================
Name:         Test User
Company:      Test Company LLC
Email:        testuser@example.com
Phone:        1234567890
Project Type: Residential Solar Design
Message:
This is a test message to verify form storage.
============================================================

============================================================
NEW INQUIRY RECEIVED - 2026-09-06 10:49:27
============================================================
Name:         Test User
Company:      Test Company LLC
Email:        testuser@example.com
Phone:        1234567890
Project Type: Residential Solar Design
Message:
This is a test message to verify form storage.
============================================================

============================================================
NEW INQUIRY RECEIVED - 2026-09-06 10:49:44
============================================================
Name:         Test User
Company:      Test Company LLC
Email:        testuser@example.com
Phone:        1234567890
Project Type: Residential Solar Design
Message:
This is a test message to verify form storage.
============================================================

============================================================
NEW INQUIRY RECEIVED - 2026-09-06 10:50:02
============================================================
Name:         Test User
Company:      Test Company LLC
Email:        testuser@example.com
Phone:        1234567890
Project Type: Residential Solar Design
Message:
This is a test message to verify form storage.
============================================================

============================================================
NEW INQUIRY RECEIVED - 2026-09-06 11:05:21
============================================================
Name:         Test User
Company:      Test Company LLC
Email:        testuser@example.com
Phone:        1234567890
Project Type: Residential Solar Design
Message:
This is a test message to verify form storage.
============================================================

============================================================
NEW INQUIRY RECEIVED - 2026-09-06 11:33:46
============================================================
Name:         Test User
Company:      Test Company LLC
Email:        testuser@example.com
Phone:        1234567890
Project Type: Residential Solar Design
Message:
This is a test message to verify form storage.
============================================================

============================================================
NEW INQUIRY RECEIVED - 2026-09-06 11:48:08
============================================================
Name:         Test User
Company:      Test Company LLC
Email:        testuser@example.com
Phone:        1234567890
Project Type: Residential Solar Design
Message:
This is a test message to verify form storage.
============================================================

============================================================
NEW INQUIRY RECEIVED - 2026-09-06 11:49:21
============================================================
Name:         Test User
Company:      Test Company LLC
Email:        testuser@example.com
Phone:        1234567890
Project Type: Residential Solar Design
Message:
This is a test message to verify form storage.
============================================================

============================================================
NEW INQUIRY RECEIVED - 2026-09-06 11:54:43
============================================================
Name:         Test User
Company:      Test Company LLC
Email:        testuser@example.com
Phone:        1234567890
Project Type: Residential Solar Design
Message:
This is a test message to verify form storage.
============================================================

============================================================
NEW INQUIRY RECEIVED - 2026-09-06 12:05:01
============================================================
Name:         Test User
Company:      Test Company LLC
Email:        testuser@example.com
Phone:        1234567890
Project Type: Residential Solar Design
Message:
This is a test message to verify form storage.
============================================================
